ÔöüÔöüÔöüÔöüÔöüÔöüÔöüÔöüÔöüÔöüÔöüÔöüÔöüÔöüÔöüÔöüÔöüÔöüÔöüÔöüÔöüÔöüÔöüÔöüÔöüÔöüÔöüÔöüÔöüÔöüÔöüÔöüÔöüÔöüÔöüÔöüÔöüÔöüÔöüÔöüÔöüÔöüÔöüÔöüÔöüÔöüÔöüÔöüÔöüÔöüÔöüÔöüÔöüÔöüÔöüÔöüÔöüÔöüÔöüÔöü
TASK 5C: CANONICAL RE-AUDIT HANDLER EXECUTION VERIFICATION
ÔöüÔöüÔöüÔöüÔöüÔöüÔöüÔöüÔöüÔöüÔöüÔöüÔöüÔöüÔöüÔöüÔöüÔöüÔöüÔöüÔöüÔöüÔöüÔöüÔöüÔöüÔöüÔöüÔöüÔöüÔöüÔöüÔöüÔöüÔöüÔöüÔöüÔöüÔöüÔöüÔöüÔöüÔöüÔöüÔöüÔöüÔöüÔöüÔöüÔöüÔöüÔöüÔöüÔöüÔöüÔöüÔöüÔöüÔöüÔöü

TEST 1: Handler calls adapter after successful preflight
Ô£à PASS: Handler calls adapter (no longer returns AUDIT_RUNNER_UNAVAILABLE sentinel)
Ô£à PASS: Handler returns valid status from adapter execution

TEST 2: Handler does NOT call adapter when preflight fails
Ô£à PASS: Missing vault returns BLOCKED status
Ô£à PASS: Missing vault returns AUDIT_RUNNER_UNAVAILABLE (adapter not called)
Ô£à PASS: Invalid request flags return BLOCKED status
Ô£à PASS: Invalid request flags return appropriate block reason (adapter not called)
Ô£à PASS: Stale snapshot returns BLOCKED status

TEST 3: Handler wraps adapter exceptions in BLOCKED result
node.exe : 
ÔØî FAILURE
: Stale sna
pshot retur
ns SNAPSHOT
_MISMATCH (
adapter not
 called)
At line:1 c
har:1
+ & "C:\Pro
gram Files\
nodejs/node
.exe" "C:\P
rogram File
s\nodejs/no
de_mo ...
+ ~~~~~~~~~
~~~~~~~~~~~
~~~~~~~~~~~
~~~~~~~~~~~
~~~~~~~~~~~
~~~~~~~~~~~
~~~~~
    + Cate 
   goryIn  
  fo       
           
: NotS    p
ecifi    ed
: (Ô    Øî 
FAI    LURE
:     St...
t    er not
     calle 
   d):Str  
  ing) [   
 ], Rem    
oteExc    e
ption
    + Full 
   yQuali  
  fiedEr   
 rorId     
: Nati    v
eComm    an
dErr    or
 
Ô£à PASS: Handler has try-catch wrapper for adapter execution
Ô£à PASS: Handler returns AUDIT_RUNNER_FAILED on adapter exception

TEST 4: Each adapter status maps to correct handler status
ÔØî FAILURE
: Valid aud
it produces
 PASSED_PEN
DING_ACCEPT
ANCE or FAI
LED_PENDING
_REVIEW sta
tus
Ô£à PASS: Empty vault produces BLOCKED status

TEST 5: Safety invariants injected for all statuses
Ô£à PASS: deployRemainsLocked is always true
Ô£à PASS: globalAuditOverwriteAllowed is always false
Ô£à PASS: backendPersistenceAllowed is always false
Ô£à PASS: memoryOnly is always true
Ô£à PASS: sessionAuditInherited is always false
Ô£à PASS: BLOCKED result has deployRemainsLocked: true
Ô£à PASS: BLOCKED result has globalAuditOverwriteAllowed: false
Ô£à PASS: BLOCKED result has backendPersistenceAllowed: false
Ô£à PASS: BLOCKED result has memoryOnly: true
Ô£à PASS: BLOCKED result has sessionAuditInherited: false

TEST 6: Derived fields computed correctly
Ô£à PASS: Non-PASSED status has success: false
Ô£à PASS: Non-PASSED status has passed: false
Ô£à PASS: Non-PASSED status has readyForAcceptance: false
Ô£à PASS: BLOCKED result has success: false
Ô£à PASS: BLOCKED result has passed: false
Ô£à PASS: BLOCKED result has readyForAcceptance: false

TEST 7: Field renaming works
Ô£à PASS: Handler result has auditedSnapshot field (renamed from snapshotIdentity)
Ô£à PASS: auditedSnapshot has correct source
Ô£à PASS: Handler result has summary field (renamed from auditSummary)
Ô£à PASS: Handler result has auditor field
Ô£à PASS: Handler result has auditedAt field

TEST 8: Unsafe flags are rejected (deployUnlockAllowed: true)
Ô£à PASS: Handler checks for unsafe deployUnlockAllowed flag
Ô£à PASS: Handler returns DEPLOY_UNLOCK_FORBIDDEN for unsafe deployUnlockAllowed

TEST 9: Unsafe flags are rejected (sessionAuditInheritanceAllowed: true)
Ô£à PASS: Handler checks for unsafe sessionAuditInheritanceAllowed flag
Ô£à PASS: Handler returns SESSION_AUDIT_INHERITANCE_FORBIDDEN for unsafe sessionAuditInheritanceAllowed

TEST 10: Vault object unchanged after handler execution
Ô£à PASS: Vault object is not mutated by handler execution

TEST 11: Request object unchanged after handler execution
Ô£à PASS: Request object is not mutated by handler execution

TEST 12: Handler result conforms to CanonicalReAuditResult type
Ô£à PASS: Result has status field
Ô£à PASS: Result has success field
Ô£à PASS: Result has passed field
Ô£à PASS: Result has readyForAcceptance field
Ô£à PASS: Result has deployRemainsLocked: true
Ô£à PASS: Result has globalAuditOverwriteAllowed: false
Ô£à PASS: Result has backendPersistenceAllowed: false
Ô£à PASS: Result has memoryOnly: true
Ô£à PASS: Result has sessionAuditInherited: false
Ô£à PASS: Result has auditedSnapshot field
Ô£à PASS: Result has auditor field
Ô£à PASS: Result has auditedAt field

TEST 13: Promotion ID extraction works correctly
ÔØî FAILURE
: Promotion
 ID extract
ed from req
uest
ÔØî FAILURE
: Promotion
 ID extract
ed from sna
pshot metad
ata when no
t in reques
t

TEST 14: blockMessage wrapped in errors array
Ô£à PASS: BLOCKED result has BLOCKED status
Ô£à PASS: BLOCKED result has errors array or undefined
Ô£à PASS: BLOCKED result errors array is not empty
Ô£à PASS: BLOCKED result errors array contains strings

TEST 15: Handler does NOT mutate vault input
Ô£à PASS: Handler does not mutate vault input

TEST 16: Handler does NOT mutate request input
Ô£à PASS: Handler does not mutate request input

TEST 17: Task 5B preflight verification still passes
ÔöüÔöüÔöüÔöüÔöüÔöüÔöüÔöüÔöüÔöüÔöüÔöüÔöüÔöüÔöüÔöüÔöüÔöüÔöüÔöüÔöüÔöüÔöüÔöüÔöüÔöüÔöüÔöüÔöüÔöüÔöüÔöüÔöüÔöüÔöüÔöüÔöüÔöüÔöüÔöüÔöüÔöüÔöüÔöüÔöüÔöüÔöüÔöüÔöüÔöüÔöüÔöüÔöüÔöüÔöüÔöüÔöüÔöüÔöüÔöü
TASK 5B/5C: CANONICAL RE-AUDIT HANDLER PREFLIGHT VERIFICATION
ÔöüÔöüÔöüÔöüÔöüÔöüÔöüÔöüÔöüÔöüÔöüÔöüÔöüÔöüÔöüÔöüÔöüÔöüÔöüÔöüÔöüÔöüÔöüÔöüÔöüÔöüÔöüÔöüÔöüÔöüÔöüÔöüÔöüÔöüÔöüÔöüÔöüÔöüÔöüÔöüÔöüÔöüÔöüÔöüÔöüÔöüÔöüÔöüÔöüÔöüÔöüÔöüÔöüÔöüÔöüÔöüÔöüÔöüÔöüÔöü

TEST 1: Handler file exists
Ô£à PASS: Handler file exists at app/admin/warroom/handlers/canonical-reaudit-handler.ts

TEST 2: buildCanonicalReAuditAdapterPreflight is exported
Ô£à PASS: buildCanonicalReAuditAdapterPreflight is exported as a function

TEST 3: computeCanonicalVaultSnapshot is exported
Ô£à PASS: computeCanonicalVaultSnapshot is exported as a function

TEST 4: Handler imports runInMemoryCanonicalReAudit for Task 5C integration
Ô£à PASS: Handler has runtime import of runInMemoryCanonicalReAudit (Task 5C integration)
Ô£à PASS: Handler calls runInMemoryCanonicalReAudit() (Task 5C integration)

TEST 5: Handler does NOT reference page.tsx / UI / hooks
Ô£à PASS: Handler does not reference page.tsx
Ô£à PASS: Handler does not reference useCanonicalReAudit hook
Ô£à PASS: Handler does not use useState
Ô£à PASS: Handler does not use useEffect
Ô£à PASS: Handler does not use useCallback
Ô£à PASS: Handler does not use useMemo

TEST 6: No forbidden patterns in handler source
Ô£à PASS: Handler does not contain forbidden pattern: fetch call
Ô£à PASS: Handler does not contain forbidden pattern: axios import
Ô£à PASS: Handler does not contain forbidden pattern: axios usage
Ô£à PASS: Handler does not contain forbidden pattern: prisma import
Ô£à PASS: Handler does not contain forbidden pattern: libsql import
Ô£à PASS: Handler does not contain forbidden pattern: turso import
Ô£à PASS: Handler does not contain forbidden pattern: localStorage usage
Ô£à PASS: Handler does not contain forbidden pattern: sessionStorage usage
Ô£à PASS: Handler does not contain forbidden pattern: setVault call
Ô£à PASS: Handler does not contain forbidden pattern: setGlobalAudit call
Ô£à PASS: Handler does not contain forbidden pattern: globalAudit assignment
Ô£à PASS: Handler does not contain forbidden pattern: deployUnlockAllowed: true
Ô£à PASS: Handler does not contain forbidden pattern: .publish() call
Ô£à PASS: Handler does not contain forbidden pattern: .save() call
Ô£à PASS: Handler does not contain forbidden pattern: .promote() call
Ô£à PASS: Handler does not contain forbidden pattern: .rollback() call
Ô£à PASS: Handler does not contain forbidden pattern: .deploy() call

TEST 7: Valid preflight returns ok: true with adapterRequest
Ô£à PASS: Valid preflight returns ok: true
Ô£à PASS: Valid preflight returns adapterRequest object
Ô£à PASS: adapterRequest.canonicalVault is the provided vault
Ô£à PASS: adapterRequest.currentSnapshot is present
Ô£à PASS: adapterRequest.currentSnapshot.source is 'canonical-vault'
Ô£à PASS: adapterRequest.expectedSnapshot is request.canonicalSnapshot
Ô£à PASS: adapterRequest.auditor is taken from request.operatorId
Ô£à PASS: Valid preflight returns liveSnapshot
Ô£à PASS: liveSnapshot.source is 'canonical-vault'

TEST 8: Missing request fails closed
Ô£à PASS: null request returns ok: false
Ô£à PASS: null request blockReason is UNKNOWN
Ô£à PASS: undefined request returns ok: false

TEST 9: Missing vault fails closed
Ô£à PASS: null vault returns ok: false
ÔØî FAILURE
: null vaul
t blockReas
on is MISSI
NG_CANONICA
L_VAULT
Ô£à PASS: undefined vault returns ok: false

TEST 10: Missing canonicalSnapshot fails closed
Ô£à PASS: Missing canonicalSnapshot returns ok: false
Ô£à PASS: Missing canonicalSnapshot blockReason is SNAPSHOT_MISSING

TEST 11: Wrong source fails closed
ÔØî FAILURE
: Wrong sna
pshot sourc
e returns o
k: false

TEST 12: deployUnlockAllowed: true fails closed
ÔØî FAILURE
: deployUnl
ockAllowed:
 true retur
ns ok: fals
e

TEST 13: backendPersistenceAllowed: true fails closed
ÔØî FAILURE
: backendPe
rsistenceAl
lowed: true
 returns ok
: false

TEST 14: sessionAuditInheritanceAllowed: true fails closed
ÔØî FAILURE
: sessionAu
ditInherita
nceAllowed:
 true retur
ns ok: fals
e

TEST 15: Session/local-draft contamination fails closed
Ô£à PASS: hasSessionContamination detects: localDraftCopy key
ÔØî FAILURE
: Contamina
ted vault (
localDraftC
opy key) re
turns ok: f
alse from p
reflight
Ô£à PASS: hasSessionContamination detects: sessionDraft key
ÔØî FAILURE
: Contamina
ted vault (
sessionDraf
t key) retu
rns ok: fal
se from pre
flight
Ô£à PASS: hasSessionContamination detects: sessionAuditResult key
Ô£à PASS: hasSessionContamination detects: sessionRemediationLedger key
ÔØî FAILURE
: Contamina
ted vault (
sessionAudi
tResult key
) returns o
k: false fr
om prefligh
t
ÔØî FAILURE
: Contamina
ted vault (
sessionReme
diationLedg
er key) ret
urns ok: fa
lse from pr
eflight
Ô£à PASS: hasSessionContamination detects: remediationLedger key
ÔØî FAILURE
: Contamina
ted vault (
remediation
Ledger key)
 returns ok
: false fro
m preflight
Ô£à PASS: hasSessionContamination detects: draftSource: 'session'
ÔØî FAILURE
: Contamina
ted vault (
draftSource
: 'session'
) returns o
k: false fr
om prefligh
t
Ô£à PASS: hasSessionContamination detects: source: 'session-draft'
ÔØî FAILURE
: Contamina
ted vault (
source: 'se
ssion-draft
') returns 
ok: false f
rom preflig
ht

TEST 16: Snapshot mismatch (stale) fails closed
Ô£à PASS: Snapshot mismatch returns ok: false
Ô£à PASS: Snapshot mismatch blockReason is SNAPSHOT_MISMATCH
Ô£à PASS: Snapshot mismatch result includes liveSnapshot for traceability

TEST 17: Valid preflight does not mutate vault
Ô£à PASS: Vault object is not mutated by preflight

TEST 18: startCanonicalReAudit executes adapter after valid preflight (Task 5C)
Ô£à PASS: startCanonicalReAudit returns valid status from adapter execution
Ô£à PASS: startCanonicalReAudit no longer returns AUDIT_RUNNER_UNAVAILABLE sentinel (adapter integrated)
Ô£à PASS: startCanonicalReAudit without vault returns BLOCKED
Ô£à PASS: startCanonicalReAudit without vault returns AUDIT_RUNNER_UNAVAILABLE

TEST 19: Task 5A adapter verification still passes
ÔöüÔöüÔöüÔöüÔöüÔöüÔöüÔöüÔöüÔöüÔöüÔöüÔöüÔöüÔöüÔöüÔöüÔöüÔöüÔöüÔöüÔöüÔöüÔöüÔöüÔöüÔöüÔöüÔöüÔöüÔöüÔöüÔöüÔöüÔöüÔöüÔöüÔöüÔöüÔöüÔöüÔöüÔöüÔöüÔöüÔöüÔöüÔöüÔöüÔöüÔöüÔöüÔöüÔöüÔöüÔöüÔöüÔöüÔöüÔöü
TASK 5A: CANONICAL RE-AUDIT ADAPTER VERIFICATION
ÔöüÔöüÔöüÔöüÔöüÔöüÔöüÔöüÔöüÔöüÔöüÔöüÔöüÔöüÔöüÔöüÔöüÔöüÔöüÔöüÔöüÔöüÔöüÔöüÔöüÔöüÔöüÔöüÔöüÔöüÔöüÔöüÔöüÔöüÔöüÔöüÔöüÔöüÔöüÔöüÔöüÔöüÔöüÔöüÔöüÔöüÔöüÔöüÔöüÔöüÔöüÔöüÔöüÔöüÔöüÔöüÔöüÔöüÔöüÔöü

TEST 1: Adapter file exists
Ô£à PASS: Adapter file exists at lib/editorial/canonical-reaudit-adapter.ts

TEST 2: Exports expected functions
Ô£à PASS: mapCanonicalVaultToAuditContent is exported
Ô£à PASS: runInMemoryCanonicalReAudit is exported
Ô£à PASS: createBlockedCanonicalReAuditAdapterResult is exported
Ô£à PASS: createPendingCanonicalReAuditAdapterResult is exported

TEST 3: No forbidden imports/patterns in adapter
Ô£à PASS: Adapter does not have fetch import
Ô£à PASS: Adapter does not have fetch call
Ô£à PASS: Adapter does not have axios import
Ô£à PASS: Adapter does not have axios usage
Ô£à PASS: Adapter does not have prisma import
Ô£à PASS: Adapter does not have libsql import
Ô£à PASS: Adapter does not have turso import
Ô£à PASS: Adapter does not have localStorage usage
Ô£à PASS: Adapter does not have sessionStorage usage
Ô£à PASS: Adapter does not have React import
Ô£à PASS: Adapter does not have useState usage
Ô£à PASS: Adapter does not have useEffect usage
Ô£à PASS: Adapter does not call setVault
Ô£à PASS: Adapter does not call setGlobalAudit
Ô£à PASS: Adapter does not call save
Ô£à PASS: Adapter does not call publish
Ô£à PASS: Adapter does not call deploy
Ô£à PASS: Adapter does not call promote
Ô£à PASS: Adapter does not call rollback

TEST 4: No handler/UI/page files were modified
ÔÜá´©Å  WARNING: app/admin/warroom/handlers/canonical-reaudit-handler.ts exists (may have been modified, check git status)
ÔÜá´©Å  WARNING: app/admin/warroom/page.tsx exists (may have been modified, check git status)
ÔÜá´©Å  WARNING: app/admin/warroom/components/CanonicalReAuditPanel.tsx exists (may have been modified, check git status)

TEST 5: Adapter returns blocked result for missing input
Ô£à PASS: Returns BLOCKED for null request
Ô£à PASS: deployUnlockAllowed is false
Ô£à PASS: canonicalStateMutationAllowed is false
Ô£à PASS: persistenceAllowed is false
Ô£à PASS: sessionAuditInheritanceAllowed is false
Ô£à PASS: Returns BLOCKED for missing canonical vault
Ô£à PASS: Block reason is MISSING_CANONICAL_VAULT

TEST 6: Adapter returns stale/blocked result for snapshot mismatch
Ô£à PASS: Returns STALE for snapshot mismatch

TEST 7: Adapter does not mutate input object
Ô£à PASS: Input vault was not mutated

TEST 8: Adapter result always has deployUnlockAllowed: false
Ô£à PASS: deployUnlockAllowed is false even for valid vault

TEST 9: Adapter result always has canonicalStateMutationAllowed: false
Ô£à PASS: canonicalStateMutationAllowed is false

TEST 10: Adapter result always has persistenceAllowed: false
Ô£à PASS: persistenceAllowed is false

TEST 11: Adapter blocks session audit inheritance
Ô£à PASS: sessionAuditInheritanceAllowed is false

TEST 12: Adapter does not import session draft/local draft modules
Ô£à PASS: Adapter does not import session-draft modules
Ô£à PASS: Adapter does not import local-draft modules
Ô£à PASS: Adapter does not reference localDraftCopy

TEST 13: Adapter can map minimal canonical vault to audit content
Ô£à PASS: mapCanonicalVaultToAuditContent returns non-null for valid input
Ô£à PASS: Mapped audit content has correct articleId
Ô£à PASS: Mapped audit content has correct vault structure

TEST 14: Adapter handles audit runner exception fail-closed
Ô£à PASS: Adapter handles invalid vault fail-closed

TEST 15: Existing Task 4 verification still passes
Running Task 4 verification script...
--- Starting Canonical Re-Audit Snapshot Helpers Verification ---

Ô£à PASS: createCanonicalSnapshotIdentity returns source "canonical-vault"
Ô£à PASS: capturedAt override is respected
Ô£à PASS: verifyCanonicalSnapshotIdentityMatch returns true for identical identities
Ô£à PASS: verifyCanonicalSnapshotIdentityMatch returns false for contentHash mismatch
Ô£à PASS: verifyCanonicalSnapshotIdentityMatch returns false for ledgerSequence mismatch
Ô£à PASS: verifyCanonicalSnapshotIdentityMatch returns false for capturedAt mismatch
Ô£à PASS: verifyCanonicalSnapshotIdentityMatch returns false for promotionId mismatch
Ô£à PASS: verifyCanonicalSnapshotIdentityMatch returns false for null input
Ô£à PASS: verifyCanonicalSnapshotIdentityMatch returns false for undefined input
Ô£à PASS: getCanonicalSnapshot returns request.canonicalSnapshot when present
Ô£à PASS: getCanonicalSnapshot returns fail-closed fallback when missing (null)
Ô£à PASS: fallback ledgerSequence is -1
Ô£à PASS: fallback source is "canonical-vault"

--- Verification Completed Successfully ---
Ô£à PASS: Task 4 verification still passes

ÔöüÔöüÔöüÔöüÔöüÔöüÔöüÔöüÔöüÔöüÔöüÔöüÔöüÔöüÔöüÔöüÔöüÔöüÔöüÔöüÔöüÔöüÔöüÔöüÔöüÔöüÔöüÔöüÔöüÔöüÔöüÔöüÔöüÔöüÔöüÔöüÔöüÔöüÔöüÔöüÔöüÔöüÔöüÔöüÔöüÔöüÔöüÔöüÔöüÔöüÔöüÔöüÔöüÔöüÔöüÔöüÔöüÔöüÔöüÔöü
TASK 5A VERIFICATION COMPLETE
ÔöüÔöüÔöüÔöüÔöüÔöüÔöüÔöüÔöüÔöüÔöüÔöüÔöüÔöüÔöüÔöüÔöüÔöüÔöüÔöüÔöüÔöüÔöüÔöüÔöüÔöüÔöüÔöüÔöüÔöüÔöüÔöüÔöüÔöüÔöüÔöüÔöüÔöüÔöüÔöüÔöüÔöüÔöüÔöüÔöüÔöüÔöüÔöüÔöüÔöüÔöüÔöüÔöüÔöüÔöüÔöüÔöüÔöüÔöüÔöü
Ô£à All verification checks passed
Ô£à Adapter is pure and fail-closed
Ô£à No forbidden imports or patterns
Ô£à No handler/UI integration
Ô£à No state mutation
Ô£à No backend/API/database/provider calls
Ô£à No persistence
Ô£à No deploy unlock
Ô£à No session audit inheritance
ÔöüÔöüÔöüÔöüÔöüÔöüÔöüÔöüÔöüÔöüÔöüÔöüÔöüÔöüÔöüÔöüÔöüÔöüÔöüÔöüÔöüÔöüÔöüÔöüÔöüÔöüÔöüÔöüÔöüÔöüÔöüÔöüÔöüÔöüÔöüÔöüÔöüÔöüÔöüÔöüÔöüÔöüÔöüÔöüÔöüÔöüÔöüÔöüÔöüÔöüÔöüÔöüÔöüÔöüÔöüÔöüÔöüÔöüÔöüÔöü

Ô£à PASS: Task 5A adapter verification passes

TEST 20: Task 4 snapshot helper verification still passes
--- Starting Canonical Re-Audit Snapshot Helpers Verification ---

Ô£à PASS: createCanonicalSnapshotIdentity returns source "canonical-vault"
Ô£à PASS: capturedAt override is respected
Ô£à PASS: verifyCanonicalSnapshotIdentityMatch returns true for identical identities
Ô£à PASS: verifyCanonicalSnapshotIdentityMatch returns false for contentHash mismatch
Ô£à PASS: verifyCanonicalSnapshotIdentityMatch returns false for ledgerSequence mismatch
Ô£à PASS: verifyCanonicalSnapshotIdentityMatch returns false for capturedAt mismatch
Ô£à PASS: verifyCanonicalSnapshotIdentityMatch returns false for promotionId mismatch
Ô£à PASS: verifyCanonicalSnapshotIdentityMatch returns false for null input
Ô£à PASS: verifyCanonicalSnapshotIdentityMatch returns false for undefined input
Ô£à PASS: getCanonicalSnapshot returns request.canonicalSnapshot when present
Ô£à PASS: getCanonicalSnapshot returns fail-closed fallback when missing (null)
Ô£à PASS: fallback ledgerSequence is -1
Ô£à PASS: fallback source is "canonical-vault"

--- Verification Completed Successfully ---
Ô£à PASS: Task 4 snapshot helper verification passes

ÔöüÔöüÔöüÔöüÔöüÔöüÔöüÔöüÔöüÔöüÔöüÔöüÔöüÔöüÔöüÔöüÔöüÔöüÔöüÔöüÔöüÔöüÔöüÔöüÔöüÔöüÔöüÔöüÔöüÔöüÔöüÔöüÔöüÔöüÔöüÔöüÔöüÔöüÔöüÔöüÔöüÔöüÔöüÔöüÔöüÔöüÔöüÔöüÔöüÔöüÔöüÔöüÔöüÔöüÔöüÔöüÔöüÔöüÔöüÔöü
TASK 5B/5C VERIFICATION COMPLETE
ÔöüÔöüÔöüÔöüÔöüÔöüÔöüÔöüÔöüÔöüÔöüÔöüÔöüÔöüÔöüÔöüÔöüÔöüÔöüÔöüÔöüÔöüÔöüÔöüÔöüÔöüÔöüÔöüÔöüÔöüÔöüÔöüÔöüÔöüÔöüÔöüÔöüÔöüÔöüÔöüÔöüÔöüÔöüÔöüÔöüÔöüÔöüÔöüÔöüÔöüÔöüÔöüÔöüÔöüÔöüÔöüÔöüÔöüÔöüÔöü
[VERIFY] canonical-reaudit-handler-preflight: 61 checks passed, 12 failed

ÔØî 12 chec
k(s) FAILED
. Task 5B/5
C verificat
ion FAILED.
ÔØî FAILURE
: Task 5B p
reflight ve
rification 
passes

TEST 18: Task 5A adapter verification still passes
ÔöüÔöüÔöüÔöüÔöüÔöüÔöüÔöüÔöüÔöüÔöüÔöüÔöüÔöüÔöüÔöüÔöüÔöüÔöüÔöüÔöüÔöüÔöüÔöüÔöüÔöüÔöüÔöüÔöüÔöüÔöüÔöüÔöüÔöüÔöüÔöüÔöüÔöüÔöüÔöüÔöüÔöüÔöüÔöüÔöüÔöüÔöüÔöüÔöüÔöüÔöüÔöüÔöüÔöüÔöüÔöüÔöüÔöüÔöüÔöü
TASK 5A: CANONICAL RE-AUDIT ADAPTER VERIFICATION
ÔöüÔöüÔöüÔöüÔöüÔöüÔöüÔöüÔöüÔöüÔöüÔöüÔöüÔöüÔöüÔöüÔöüÔöüÔöüÔöüÔöüÔöüÔöüÔöüÔöüÔöüÔöüÔöüÔöüÔöüÔöüÔöüÔöüÔöüÔöüÔöüÔöüÔöüÔöüÔöüÔöüÔöüÔöüÔöüÔöüÔöüÔöüÔöüÔöüÔöüÔöüÔöüÔöüÔöüÔöüÔöüÔöüÔöüÔöüÔöü

TEST 1: Adapter file exists
Ô£à PASS: Adapter file exists at lib/editorial/canonical-reaudit-adapter.ts

TEST 2: Exports expected functions
Ô£à PASS: mapCanonicalVaultToAuditContent is exported
Ô£à PASS: runInMemoryCanonicalReAudit is exported
Ô£à PASS: createBlockedCanonicalReAuditAdapterResult is exported
Ô£à PASS: createPendingCanonicalReAuditAdapterResult is exported

TEST 3: No forbidden imports/patterns in adapter
Ô£à PASS: Adapter does not have fetch import
Ô£à PASS: Adapter does not have fetch call
Ô£à PASS: Adapter does not have axios import
Ô£à PASS: Adapter does not have axios usage
Ô£à PASS: Adapter does not have prisma import
Ô£à PASS: Adapter does not have libsql import
Ô£à PASS: Adapter does not have turso import
Ô£à PASS: Adapter does not have localStorage usage
Ô£à PASS: Adapter does not have sessionStorage usage
Ô£à PASS: Adapter does not have React import
Ô£à PASS: Adapter does not have useState usage
Ô£à PASS: Adapter does not have useEffect usage
Ô£à PASS: Adapter does not call setVault
Ô£à PASS: Adapter does not call setGlobalAudit
Ô£à PASS: Adapter does not call save
Ô£à PASS: Adapter does not call publish
Ô£à PASS: Adapter does not call deploy
Ô£à PASS: Adapter does not call promote
Ô£à PASS: Adapter does not call rollback

TEST 4: No handler/UI/page files were modified
ÔÜá´©Å  WARNING: app/admin/warroom/handlers/canonical-reaudit-handler.ts exists (may have been modified, check git status)
ÔÜá´©Å  WARNING: app/admin/warroom/page.tsx exists (may have been modified, check git status)
ÔÜá´©Å  WARNING: app/admin/warroom/components/CanonicalReAuditPanel.tsx exists (may have been modified, check git status)

TEST 5: Adapter returns blocked result for missing input
Ô£à PASS: Returns BLOCKED for null request
Ô£à PASS: deployUnlockAllowed is false
Ô£à PASS: canonicalStateMutationAllowed is false
Ô£à PASS: persistenceAllowed is false
Ô£à PASS: sessionAuditInheritanceAllowed is false
Ô£à PASS: Returns BLOCKED for missing canonical vault
Ô£à PASS: Block reason is MISSING_CANONICAL_VAULT

TEST 6: Adapter returns stale/blocked result for snapshot mismatch
Ô£à PASS: Returns STALE for snapshot mismatch

TEST 7: Adapter does not mutate input object
Ô£à PASS: Input vault was not mutated

TEST 8: Adapter result always has deployUnlockAllowed: false
Ô£à PASS: deployUnlockAllowed is false even for valid vault

TEST 9: Adapter result always has canonicalStateMutationAllowed: false
Ô£à PASS: canonicalStateMutationAllowed is false

TEST 10: Adapter result always has persistenceAllowed: false
Ô£à PASS: persistenceAllowed is false

TEST 11: Adapter blocks session audit inheritance
Ô£à PASS: sessionAuditInheritanceAllowed is false

TEST 12: Adapter does not import session draft/local draft modules
Ô£à PASS: Adapter does not import session-draft modules
Ô£à PASS: Adapter does not import local-draft modules
Ô£à PASS: Adapter does not reference localDraftCopy

TEST 13: Adapter can map minimal canonical vault to audit content
Ô£à PASS: mapCanonicalVaultToAuditContent returns non-null for valid input
Ô£à PASS: Mapped audit content has correct articleId
Ô£à PASS: Mapped audit content has correct vault structure

TEST 14: Adapter handles audit runner exception fail-closed
Ô£à PASS: Adapter handles invalid vault fail-closed

TEST 15: Existing Task 4 verification still passes
Running Task 4 verification script...
--- Starting Canonical Re-Audit Snapshot Helpers Verification ---

Ô£à PASS: createCanonicalSnapshotIdentity returns source "canonical-vault"
Ô£à PASS: capturedAt override is respected
Ô£à PASS: verifyCanonicalSnapshotIdentityMatch returns true for identical identities
Ô£à PASS: verifyCanonicalSnapshotIdentityMatch returns false for contentHash mismatch
Ô£à PASS: verifyCanonicalSnapshotIdentityMatch returns false for ledgerSequence mismatch
Ô£à PASS: verifyCanonicalSnapshotIdentityMatch returns false for capturedAt mismatch
Ô£à PASS: verifyCanonicalSnapshotIdentityMatch returns false for promotionId mismatch
Ô£à PASS: verifyCanonicalSnapshotIdentityMatch returns false for null input
Ô£à PASS: verifyCanonicalSnapshotIdentityMatch returns false for undefined input
Ô£à PASS: getCanonicalSnapshot returns request.canonicalSnapshot when present
Ô£à PASS: getCanonicalSnapshot returns fail-closed fallback when missing (null)
Ô£à PASS: fallback ledgerSequence is -1
Ô£à PASS: fallback source is "canonical-vault"

--- Verification Completed Successfully ---
Ô£à PASS: Task 4 verification still passes

ÔöüÔöüÔöüÔöüÔöüÔöüÔöüÔöüÔöüÔöüÔöüÔöüÔöüÔöüÔöüÔöüÔöüÔöüÔöüÔöüÔöüÔöüÔöüÔöüÔöüÔöüÔöüÔöüÔöüÔöüÔöüÔöüÔöüÔöüÔöüÔöüÔöüÔöüÔöüÔöüÔöüÔöüÔöüÔöüÔöüÔöüÔöüÔöüÔöüÔöüÔöüÔöüÔöüÔöüÔöüÔöüÔöüÔöüÔöüÔöü
TASK 5A VERIFICATION COMPLETE
ÔöüÔöüÔöüÔöüÔöüÔöüÔöüÔöüÔöüÔöüÔöüÔöüÔöüÔöüÔöüÔöüÔöüÔöüÔöüÔöüÔöüÔöüÔöüÔöüÔöüÔöüÔöüÔöüÔöüÔöüÔöüÔöüÔöüÔöüÔöüÔöüÔöüÔöüÔöüÔöüÔöüÔöüÔöüÔöüÔöüÔöüÔöüÔöüÔöüÔöüÔöüÔöüÔöüÔöüÔöüÔöüÔöüÔöüÔöüÔöü
Ô£à All verification checks passed
Ô£à Adapter is pure and fail-closed
Ô£à No forbidden imports or patterns
Ô£à No handler/UI integration
Ô£à No state mutation
Ô£à No backend/API/database/provider calls
Ô£à No persistence
Ô£à No deploy unlock
Ô£à No session audit inheritance
ÔöüÔöüÔöüÔöüÔöüÔöüÔöüÔöüÔöüÔöüÔöüÔöüÔöüÔöüÔöüÔöüÔöüÔöüÔöüÔöüÔöüÔöüÔöüÔöüÔöüÔöüÔöüÔöüÔöüÔöüÔöüÔöüÔöüÔöüÔöüÔöüÔöüÔöüÔöüÔöüÔöüÔöüÔöüÔöüÔöüÔöüÔöüÔöüÔöüÔöüÔöüÔöüÔöüÔöüÔöüÔöüÔöüÔöüÔöüÔöü

Ô£à PASS: Task 5A adapter verification passes

ÔöüÔöüÔöüÔöüÔöüÔöüÔöüÔöüÔöüÔöüÔöüÔöüÔöüÔöüÔöüÔöüÔöüÔöüÔöüÔöüÔöüÔöüÔöüÔöüÔöüÔöüÔöüÔöüÔöüÔöüÔöüÔöüÔöüÔöüÔöüÔöüÔöüÔöüÔöüÔöüÔöüÔöüÔöüÔöüÔöüÔöüÔöüÔöüÔöüÔöüÔöüÔöüÔöüÔöüÔöüÔöüÔöüÔöüÔöüÔöü
TASK 5C EXECUTION VERIFICATION COMPLETE
ÔöüÔöüÔöüÔöüÔöüÔöüÔöüÔöüÔöüÔöüÔöüÔöüÔöüÔöüÔöüÔöüÔöüÔöüÔöüÔöüÔöüÔöüÔöüÔöüÔöüÔöüÔöüÔöüÔöüÔöüÔöüÔöüÔöüÔöüÔöüÔöüÔöüÔöüÔöüÔöüÔöüÔöüÔöüÔöüÔöüÔöüÔöüÔöüÔöüÔöüÔöüÔöüÔöüÔöüÔöüÔöüÔöüÔöüÔöüÔöü
[VERIFY] canonical-reaudit-handler-execution: 56 checks passed, 5 failed

ÔØî 5 check
(s) FAILED.
 Task 5C ex
ecution ver
ification F
AILED.
